{
  "docs": [
    {
      "foo": {
        "bah": {
          "title": "Bah",
          "list": [
            "Uno",
            "Duo"
          ]
        }
      }
    }
  ]
}
